// Jest Snapshot v1, https://goo.gl/fbAQLP

exports[`SignUpForm SignUpForm should render 1`] = `
<div
  class="wrapper"
  data-testid="signup-form"
>
  <form>
    <div>
      <div>
        <div>
          <div
            class="inputOuterWrapper"
          >
            <label
              class="formLabel"
            >
              Last name
               
              <span>
                *
              </span>
            </label>
            <input
              class="inputElem"
              type="text"
              value=""
            />
          </div>
        </div>
      </div>
      <div>
        <div>
          <div
            class="inputOuterWrapper"
          >
            <label
              class="formLabel"
            >
              First name
               
              <span>
                *
              </span>
            </label>
            <input
              class="inputElem"
              type="text"
              value=""
            />
          </div>
        </div>
      </div>
      <div>
        <div>
          <div
            class="inputOuterWrapper"
          >
            <label
              class="formLabel"
            >
              Nick name
               
              <span>
                *
              </span>
            </label>
            <input
              class="inputElem"
              type="text"
              value=""
            />
          </div>
        </div>
      </div>
      <div>
        <div>
          <div
            class="inputOuterWrapper"
          >
            <label
              class="formLabel"
            >
              Email
               
              <span>
                *
              </span>
            </label>
            <input
              class="inputElem"
              type="email"
              value=""
            />
          </div>
        </div>
      </div>
      <div>
        <div>
          <div
            class="inputOuterWrapper"
          >
            <label
              class="formLabel"
            >
              Password
               
              <span>
                *
              </span>
            </label>
            <input
              class="inputElem"
              type="password"
              value=""
            />
          </div>
        </div>
      </div>
      <div>
        <div>
          <div
            class="inputOuterWrapper"
          >
            <label
              class="formLabel"
            >
              Repeat Password
               
              <span>
                *
              </span>
            </label>
            <input
              class="inputElem"
              type="password"
              value=""
            />
          </div>
        </div>
      </div>
      <div>
        <div
          class="checkboxWrapper"
        >
          <input
            checked=""
            type="checkbox"
          />
          Show address
        </div>
      </div>
      <div>
        <div>
          <div
            class="inputOuterWrapper"
          >
            <label
              class="formLabel"
            >
              Street
               
              <span>
                *
              </span>
            </label>
            <input
              class="inputElem"
              type="text"
              value=""
            />
          </div>
        </div>
      </div>
      <div>
        <div>
          <div
            class="inputOuterWrapper"
          >
            <label
              class="formLabel"
            >
              House number
               
            </label>
            <input
              class="inputElem"
              type="text"
              value=""
            />
          </div>
        </div>
      </div>
      <div>
        <div>
          <div
            class="inputOuterWrapper"
          >
            <label
              class="formLabel"
            >
              ZIP
               
              <span>
                *
              </span>
            </label>
            <input
              class="inputElem"
              maxlength="5"
              type="text"
              value=""
            />
          </div>
        </div>
      </div>
      <div>
        <div>
          <div
            class="inputOuterWrapper"
          >
            <label
              class="formLabel"
            >
              City
               
              <span>
                *
              </span>
            </label>
            <input
              class="inputElem"
              type="text"
              value=""
            />
          </div>
        </div>
      </div>
      <div>
        <div>
          <div
            class="inputOuterWrapper"
          >
            <label
              class="formLabel"
            >
              Additional information
               
              <span>
                *
              </span>
            </label>
            <textarea
              class="inputElem"
              name="Text1"
              rows="5"
            />
          </div>
        </div>
      </div>
    </div>
    <input
      class="submitButton"
      data-testid="button-submit"
      disabled=""
      type="submit"
      value="Submit"
    />
  </form>
</div>
`;

exports[`SignUpForm initial page load with empty values SignUpForm should render 1`] = `
<div
  class="wrapper"
  data-testid="signup-form"
>
  <form>
    <div>
      <div>
        <div>
          <div
            class="inputOuterWrapper"
          >
            <label
              class="formLabel"
            >
              Last name
               
              <span>
                *
              </span>
            </label>
            <input
              class="inputElem"
              type="text"
              value=""
            />
          </div>
        </div>
      </div>
      <div>
        <div>
          <div
            class="inputOuterWrapper"
          >
            <label
              class="formLabel"
            >
              First name
               
              <span>
                *
              </span>
            </label>
            <input
              class="inputElem"
              type="text"
              value=""
            />
          </div>
        </div>
      </div>
      <div>
        <div>
          <div
            class="inputOuterWrapper"
          >
            <label
              class="formLabel"
            >
              Nick name
               
              <span>
                *
              </span>
            </label>
            <input
              class="inputElem"
              type="text"
              value=""
            />
          </div>
        </div>
      </div>
      <div>
        <div>
          <div
            class="inputOuterWrapper"
          >
            <label
              class="formLabel"
            >
              Email
               
              <span>
                *
              </span>
            </label>
            <input
              class="inputElem"
              type="email"
              value=""
            />
          </div>
        </div>
      </div>
      <div>
        <div>
          <div
            class="inputOuterWrapper"
          >
            <label
              class="formLabel"
            >
              Password
               
              <span>
                *
              </span>
            </label>
            <input
              class="inputElem"
              type="password"
              value=""
            />
          </div>
        </div>
      </div>
      <div>
        <div>
          <div
            class="inputOuterWrapper"
          >
            <label
              class="formLabel"
            >
              Repeat Password
               
              <span>
                *
              </span>
            </label>
            <input
              class="inputElem"
              type="password"
              value=""
            />
          </div>
        </div>
      </div>
      <div>
        <div
          class="checkboxWrapper"
        >
          <input
            checked=""
            type="checkbox"
          />
          Show address
        </div>
      </div>
      <div>
        <div>
          <div
            class="inputOuterWrapper"
          >
            <label
              class="formLabel"
            >
              Street
               
              <span>
                *
              </span>
            </label>
            <input
              class="inputElem"
              type="text"
              value=""
            />
          </div>
        </div>
      </div>
      <div>
        <div>
          <div
            class="inputOuterWrapper"
          >
            <label
              class="formLabel"
            >
              House number
               
            </label>
            <input
              class="inputElem"
              type="text"
              value=""
            />
          </div>
        </div>
      </div>
      <div>
        <div>
          <div
            class="inputOuterWrapper"
          >
            <label
              class="formLabel"
            >
              ZIP
               
              <span>
                *
              </span>
            </label>
            <input
              class="inputElem"
              maxlength="5"
              type="text"
              value=""
            />
          </div>
        </div>
      </div>
      <div>
        <div>
          <div
            class="inputOuterWrapper"
          >
            <label
              class="formLabel"
            >
              City
               
              <span>
                *
              </span>
            </label>
            <input
              class="inputElem"
              type="text"
              value=""
            />
          </div>
        </div>
      </div>
      <div>
        <div>
          <div
            class="inputOuterWrapper"
          >
            <label
              class="formLabel"
            >
              Additional information
               
              <span>
                *
              </span>
            </label>
            <textarea
              class="inputElem"
              name="Text1"
              rows="5"
            />
          </div>
        </div>
      </div>
    </div>
    <input
      class="submitButton"
      data-testid="button-submit"
      disabled=""
      type="submit"
      value="Submit"
    />
  </form>
</div>
`;
